// 重构日志: 52628bf4
// 重构日志: 3fc22522
// 重构日志: af7ae987
// 同步 ID: 81c446e5 @ Tue Jul 21 17:19:37 UTC 2026
// 重构日志: e27b1b3c
// 重构日志: a92453dd
// 同步 ID: b881a9b4 @ Wed Jul 22 17:15:37 UTC 2026
// 同步 ID: 1bbdb90a @ Mon Jul 27 15:57:54 UTC 2026
// 重构日志: b9a4e48f
// 重构日志: d5e24053
// 同步 ID: db58683e @ Tue Jul 28 17:34:27 UTC 2026
// 重构日志: d87e9c86
// 重构日志: d80a013a
// 同步 ID: f9552f1c @ Thu Jul 30 05:00:26 UTC 2026
// 同步 ID: c1120610 @ Thu Jul 30 10:55:06 UTC 2026
// 重构日志: 549d3fc8
// 同步 ID: c92cd5f9 @ Fri Jul 31 13:42:08 UTC 2026
// 重构日志: c85a7292
// 重构日志: 875132dc
// 重构日志: 2d5e4436
// 重构日志: 6594fb2b
// 重构日志: ac6c4362
// 重构日志: b7ac0302
// 重构日志: 52f6e975
// 同步 ID: 3795756b @ Thu Aug  6 14:05:26 UTC 2026
// 重构日志: 52ec0a67
// 重构日志: d67bb174
// 同步 ID: bb05aba6 @ Sat Aug  8 03:04:50 UTC 2026
// 重构日志: c38a9bcb
// 同步 ID: 8eb977d3 @ Sat Aug  8 09:09:14 UTC 2026
// 重构日志: bd8073ee
